{
    "txFeePerByte":44,
    "txFeeFixed":155381,
    "maxBlockBodySize":65536,
    "maxTxSize":16384,
    "maxBlockHeaderSize":1100,
    "stakeAddressDeposit":2000000,
    "stakePoolDeposit":500000000,
    "poolRetireMaxEpoch":18,
    "stakePoolTargetNum":500,
    "poolPledgeInfluence":0.3,
    "monetaryExpansion":0.003,
    "treasuryCut":0.2,
    "decentralization":0.0,
    "extraPraosEntropy":null,
    "protocolVersion":{
       "major":6,
       "minor":0
    },
    "minPoolCost":340000000,
    "utxoCostPerByte":4310,
    "costModels":{
       "PlutusV1":[ 0, 0, 0, 0, 0, 0, 0, 0, 0, 0, 0, 0, 0, 0, 0, 0, 0, 0, 0, 0, 0, 0, 0, 0, 0, 0, 0, 0, 0, 0, 0, 0, 0, 0, 0, 0, 0, 0, 0, 0, 0, 0, 0, 0, 0, 0, 0, 0, 0, 0, 0, 0, 0, 0, 0, 0, 0, 0, 0, 0, 0, 0, 0, 0, 0, 0, 0, 0, 0, 0, 0, 0, 0, 0, 0, 0, 0, 0, 0, 0, 0, 0, 0, 0, 0, 0, 0, 0, 0, 0, 0, 0, 0, 0, 0, 0, 0, 0, 0, 0, 0, 0, 0, 0, 0, 0, 0, 0, 0, 0, 0, 0, 0, 0, 0, 0, 0, 0, 0, 0, 0, 0, 0, 0, 0, 0, 0, 0, 0, 0, 0, 0, 0, 0, 0, 0, 0, 0, 0, 0, 0, 0, 0, 0, 0, 0, 0, 0, 0, 0, 0, 0, 0, 0, 0, 0, 0, 0, 0, 0, 0, 0, 0, 0, 0, 0, 0, 0, 0, 0, 0, 0, 0, 0, 0, 0, 0, 0, 0, 0, 0, 0, 0, 0, 0, 0, 0, 0, 0, 0, 0, 0, 0, 0, 0, 0, 0, 0, 0, 0, 0, 0, 0, 0, 0, 0, 0, 0, 0, 0, 0, 0, 0, 0, 0, 0, 0, 0, 0, 0, 0, 0, 0, 0, 0, 0, 0, 0, 0, 0, 0 ]
      },
    "executionUnitPrices":{
       "priceSteps":0.0000721,
       "prMem":0.0577
    },
    "maxTxExecutionUnits":{
       "steps":10000000000,
       "memory":14000000
    },
    "maxBlockExecutionUnits":{
       "steps":40000000000,
       "memory":62000000
    },
    "maxValueSize":5000,
    "collateralPercentage":150,
    "maxCollateralInputs":3
 }
