{
    "txFeePerByte":44,
    "txFeeFixed":155381,
    "maxBlockBodySize":65536,
    "maxTxSize":16384,
    "maxBlockHeaderSize":1100,
    "stakeAddressDeposit":2000000,
    "stakePoolDeposit":500000000,
    "poolRetireMaxEpoch":18,
    "stakePoolTargetNum":500,
    "poolPledgeInfluence":0.3,
    "monetaryExpansion":0.003,
    "treasuryCut":0.2,
    "decentralization":0.0,
    "extraPraosEntropy":null,
    "protocolVersion":{
       "major":2,
       "minor":0
    },
    "minUTxOValue":1000000,
    "minPoolCost":340000000
 }
